[m.daodejing.org/index.html]
[backblue.gif]
[fade.gif]
[index.html]
[m.daodejing.org/css/index.css]
[m.daodejing.org/images/logo.jpg]
[m.daodejing.org/images/daodejing.jpg]
[m.daodejing.org/jianjie.html]
[m.daodejing.org/laozi.html]
[m.daodejing.org/images/1.jpg]
[m.daodejing.org/mingyan.html]
[m.daodejing.org/images/2.jpg]
[m.daodejing.org/images/3.jpg]
[m.daodejing.org/index-2.html]
[m.daodejing.org/images/4.jpg]
[m.daodejing.org/download.html]
[m.daodejing.org/images/5.jpg]
[m.daodejing.org/yiwen.html]
[m.daodejing.org/images/6.jpg]
[m.daodejing.org/tingshu1.html]
[m.daodejing.org/images/7.jpg]
[m.daodejing.org/fanyi.html]
[m.daodejing.org/images/8.jpg]
[m.daodejing.org/fengshui.html]
[m.daodejing.org/images/9.jpg]
[m.daodejing.org/dao.html]
[m.daodejing.org/images/10.jpg]
[m.daodejing.org/rensheng.html]
[m.daodejing.org/images/11.jpg]
[m.daodejing.org/guli.html]
[m.daodejing.org/images/12.jpg]
[m.daodejing.org/sixiang.html]
[m.daodejing.org/images/13.jpg]
[m.daodejing.org/zhihui.html]
[m.daodejing.org/images/14.jpg]
[m.daodejing.org/gushi.html]
[m.daodejing.org/images/15.jpg]
[m.daodejing.org/1.html]
[m.daodejing.org/2.html]
[m.daodejing.org/3.html]
[m.daodejing.org/4.html]
[m.daodejing.org/5.html]
[m.daodejing.org/6.html]
[m.daodejing.org/7.html]
[m.daodejing.org/8.html]
[m.daodejing.org/9.html]
[m.daodejing.org/10.html]
[m.daodejing.org/11.html]
[m.daodejing.org/12.html]
[m.daodejing.org/13.html]
[m.daodejing.org/14.html]
[m.daodejing.org/15.html]
[m.daodejing.org/16.html]
[m.daodejing.org/17.html]
[m.daodejing.org/18.html]
[m.daodejing.org/19.html]
[m.daodejing.org/20.html]
[m.daodejing.org/21.html]
[m.daodejing.org/22.html]
[m.daodejing.org/23.html]
[m.daodejing.org/24.html]
[m.daodejing.org/25.html]
[m.daodejing.org/26.html]
[m.daodejing.org/27.html]
[m.daodejing.org/28.html]
[m.daodejing.org/29.html]
[m.daodejing.org/30.html]
[m.daodejing.org/31.html]
[m.daodejing.org/32.html]
[m.daodejing.org/33.html]
[m.daodejing.org/34.html]
[m.daodejing.org/35.html]
[m.daodejing.org/36.html]
[m.daodejing.org/37.html]
[m.daodejing.org/38.html]
[m.daodejing.org/39.html]
[m.daodejing.org/40.html]
[m.daodejing.org/41.html]
[m.daodejing.org/42.html]
[m.daodejing.org/43.html]
[m.daodejing.org/44.html]
[m.daodejing.org/45.html]
[m.daodejing.org/46.html]
[m.daodejing.org/47.html]
[m.daodejing.org/48.html]
[m.daodejing.org/49.html]
[m.daodejing.org/50.html]
[m.daodejing.org/51.html]
[m.daodejing.org/52.html]
[m.daodejing.org/53.html]
[m.daodejing.org/54.html]
[m.daodejing.org/55.html]
[m.daodejing.org/56.html]
[m.daodejing.org/57.html]
[m.daodejing.org/58.html]
[m.daodejing.org/59.html]
[m.daodejing.org/60.html]
[m.daodejing.org/61.html]
[m.daodejing.org/62.html]
[m.daodejing.org/63.html]
[m.daodejing.org/64.html]
[m.daodejing.org/65.html]
[m.daodejing.org/66.html]
[m.daodejing.org/67.html]
[m.daodejing.org/68.html]
[m.daodejing.org/69.html]
[m.daodejing.org/70.html]
[m.daodejing.org/71.html]
[m.daodejing.org/72.html]
[m.daodejing.org/73.html]
[m.daodejing.org/74.html]
[m.daodejing.org/75.html]
[m.daodejing.org/76.html]
[m.daodejing.org/77.html]
[m.daodejing.org/78.html]
[m.daodejing.org/79.html]
[m.daodejing.org/80.html]
[m.daodejing.org/81.html]
[m.daodejing.org/jiucuo.html]
[m.daodejing.org/index.html]
[m.daodejing.org/mianze.html]
[m.daodejing.org/bookimg/public/images/mobile/v2/logo4d6a.png]
[m.daodejing.org/bookimg/public/images/mobile/v2/common4d6a.png]
[m.daodejing.org/bookimg/public/images/mobile/v2/pay-icons@1x4d6a.png]
[m.daodejing.org/bookimg/public/images/mobile/v2/im-tip-border4d6a.png]
[m.daodejing.org/bookimg/public/images/mobile/v2/app-bottom-tg-dw.png]
[m.daodejing.org/css/index.css]
[m.daodejing.org/css/nei.css]
[m.daodejing.org/quanwen.html]
[m.daodejing.org/css/loading.gif]
[m.daodejing.org/jianjie.html]
[m.daodejing.org/laozi.html]
[m.daodejing.org/mingyan.html]
[m.daodejing.org/index-2.html]
[m.daodejing.org/xiazai/µÀµÂ¾­txt.rar]
[m.daodejing.org/download.html]
[m.daodejing.org/yiwen/1.html]
[m.daodejing.org/yiwen/2.html]
[m.daodejing.org/yiwen/3.html]
[m.daodejing.org/yiwen/4.html]
[m.daodejing.org/yiwen/5.html]
[m.daodejing.org/yiwen/6.html]
[m.daodejing.org/yiwen/7.html]
[m.daodejing.org/yiwen/8.html]
[m.daodejing.org/yiwen/9.html]
[m.daodejing.org/yiwen/10.html]
[m.daodejing.org/yiwen/11.html]
[m.daodejing.org/yiwen/12.html]
[m.daodejing.org/yiwen/13.html]
[m.daodejing.org/yiwen/14.html]
[m.daodejing.org/yiwen/15.html]
[m.daodejing.org/yiwen/16.html]
[m.daodejing.org/yiwen/17.html]
[m.daodejing.org/yiwen/18.html]
[m.daodejing.org/yiwen/19.html]
[m.daodejing.org/yiwen/20.html]
[m.daodejing.org/yiwen/21.html]
[m.daodejing.org/yiwen/22.html]
[m.daodejing.org/yiwen/23.html]
[m.daodejing.org/yiwen/24.html]
[m.daodejing.org/yiwen/25.html]
[m.daodejing.org/yiwen/26.html]
[m.daodejing.org/yiwen/27.html]
[m.daodejing.org/yiwen/28.html]
[m.daodejing.org/yiwen/29.html]
[m.daodejing.org/yiwen/30.html]
[m.daodejing.org/yiwen/31.html]
[m.daodejing.org/yiwen/32.html]
[m.daodejing.org/yiwen/33.html]
[m.daodejing.org/yiwen/34.html]
[m.daodejing.org/yiwen/35.html]
[m.daodejing.org/yiwen/36.html]
[m.daodejing.org/yiwen/37.html]
[m.daodejing.org/yiwen/38.html]
[m.daodejing.org/yiwen/39.html]
[m.daodejing.org/yiwen/40.html]
[m.daodejing.org/yiwen/41.html]
[m.daodejing.org/yiwen/42.html]
[m.daodejing.org/yiwen/43.html]
[m.daodejing.org/yiwen/44.html]
[m.daodejing.org/yiwen/45.html]
[m.daodejing.org/yiwen/46.html]
[m.daodejing.org/yiwen/47.html]
[m.daodejing.org/yiwen/48.html]
[m.daodejing.org/yiwen/49.html]
[m.daodejing.org/yiwen/50.html]
[m.daodejing.org/yiwen/51.html]
[m.daodejing.org/yiwen/52.html]
[m.daodejing.org/yiwen/53.html]
[m.daodejing.org/yiwen/54.html]
[m.daodejing.org/yiwen/55.html]
[m.daodejing.org/yiwen/56.html]
[m.daodejing.org/yiwen/57.html]
[m.daodejing.org/yiwen/58.html]
[m.daodejing.org/yiwen/59.html]
[m.daodejing.org/yiwen/60.html]
[m.daodejing.org/yiwen/61.html]
[m.daodejing.org/yiwen/62.html]
[m.daodejing.org/yiwen/63.html]
[m.daodejing.org/yiwen/64.html]
[m.daodejing.org/yiwen/65.html]
[m.daodejing.org/yiwen/66.html]
[m.daodejing.org/yiwen/67.html]
[m.daodejing.org/yiwen/68.html]
[m.daodejing.org/yiwen/69.html]
[m.daodejing.org/yiwen/70.html]
[m.daodejing.org/yiwen/71.html]
[m.daodejing.org/yiwen/72.html]
[m.daodejing.org/yiwen/73.html]
[m.daodejing.org/yiwen/74.html]
[m.daodejing.org/yiwen/75.html]
[m.daodejing.org/yiwen/76.html]
[m.daodejing.org/yiwen/77.html]
[m.daodejing.org/yiwen/78.html]
[m.daodejing.org/yiwen/79.html]
[m.daodejing.org/yiwen/80.html]
[m.daodejing.org/yiwen/81.html]
[m.daodejing.org/yiwen.html]
[m.daodejing.org/tingshu1.html]
[m.daodejing.org/fanyi/1.html]
[m.daodejing.org/fanyi/2.html]
[m.daodejing.org/fanyi/3.html]
[m.daodejing.org/fanyi/4.html]
[m.daodejing.org/fanyi/5.html]
[m.daodejing.org/fanyi/6.html]
[m.daodejing.org/fanyi/7.html]
[m.daodejing.org/fanyi/8.html]
[m.daodejing.org/fanyi/9.html]
[m.daodejing.org/fanyi/10.html]
[m.daodejing.org/fanyi/11.html]
[m.daodejing.org/fanyi/12.html]
[m.daodejing.org/fanyi/13.html]
[m.daodejing.org/fanyi/14.html]
[m.daodejing.org/fanyi/15.html]
[m.daodejing.org/fanyi/16.html]
[m.daodejing.org/fanyi/17.html]
[m.daodejing.org/fanyi/18.html]
[m.daodejing.org/fanyi/19.html]
[m.daodejing.org/fanyi/20.html]
[m.daodejing.org/fanyi/21.html]
[m.daodejing.org/fanyi/22.html]
[m.daodejing.org/fanyi/23.html]
[m.daodejing.org/fanyi/24.html]
[m.daodejing.org/fanyi/25.html]
[m.daodejing.org/fanyi/26.html]
[m.daodejing.org/fanyi/27.html]
[m.daodejing.org/fanyi/28.html]
[m.daodejing.org/fanyi/29.html]
[m.daodejing.org/fanyi/30.html]
[m.daodejing.org/fanyi/31.html]
[m.daodejing.org/fanyi/32.html]
[m.daodejing.org/fanyi/33.html]
[m.daodejing.org/fanyi/34.html]
[m.daodejing.org/fanyi/35.html]
[m.daodejing.org/fanyi/36.html]
[m.daodejing.org/fanyi/37.html]
[m.daodejing.org/fanyi/38.html]
[m.daodejing.org/fanyi/39.html]
[m.daodejing.org/fanyi/40.html]
[m.daodejing.org/fanyi/41.html]
[m.daodejing.org/fanyi/42.html]
[m.daodejing.org/fanyi/43.html]
[m.daodejing.org/fanyi/44.html]
[m.daodejing.org/fanyi/45.html]
[m.daodejing.org/fanyi/46.html]
[m.daodejing.org/fanyi/47.html]
[m.daodejing.org/fanyi/48.html]
[m.daodejing.org/fanyi/49.html]
[m.daodejing.org/fanyi/50.html]
[m.daodejing.org/fanyi/51.html]
[m.daodejing.org/fanyi/52.html]
[m.daodejing.org/fanyi/53.html]
[m.daodejing.org/fanyi/54.html]
[m.daodejing.org/fanyi/55.html]
[m.daodejing.org/fanyi/56.html]
[m.daodejing.org/fanyi/57.html]
[m.daodejing.org/fanyi/58.html]
[m.daodejing.org/fanyi/59.html]
[m.daodejing.org/fanyi/60.html]
[m.daodejing.org/fanyi/61.html]
[m.daodejing.org/fanyi/62.html]
[m.daodejing.org/fanyi/63.html]
[m.daodejing.org/fanyi/64.html]
[m.daodejing.org/fanyi/65.html]
[m.daodejing.org/fanyi/66.html]
[m.daodejing.org/fanyi/67.html]
[m.daodejing.org/fanyi/68.html]
[m.daodejing.org/fanyi/69.html]
[m.daodejing.org/fanyi/70.html]
[m.daodejing.org/fanyi/71.html]
[m.daodejing.org/fanyi/72.html]
[m.daodejing.org/fanyi/73.html]
[m.daodejing.org/fanyi/74.html]
[m.daodejing.org/fanyi/75.html]
[m.daodejing.org/fanyi/76.html]
[m.daodejing.org/fanyi/77.html]
[m.daodejing.org/fanyi/78.html]
[m.daodejing.org/fanyi/79.html]
[m.daodejing.org/fanyi/80.html]
[m.daodejing.org/fanyi/81.html]
[m.daodejing.org/fanyi.html]
[m.daodejing.org/fengshui.html]
[m.daodejing.org/dao.html]
[m.daodejing.org/rensheng/1.gif]
[m.daodejing.org/rensheng/2.jpg]
[m.daodejing.org/rensheng/3.jpg]
[m.daodejing.org/rensheng/4.jpg]
[m.daodejing.org/rensheng/5.jpg]
[m.daodejing.org/rensheng/6.jpg]
[m.daodejing.org/rensheng/7.jpg]
[m.daodejing.org/rensheng/8.jpg]
[m.daodejing.org/rensheng/9.jpg]
[m.daodejing.org/rensheng/10.jpg]
[m.daodejing.org/rensheng/11.jpg]
[m.daodejing.org/rensheng/12.jpg]
[m.daodejing.org/rensheng/13.jpg]
[m.daodejing.org/rensheng/14.jpg]
[m.daodejing.org/rensheng/15.jpg]
[m.daodejing.org/rensheng/16.jpg]
[m.daodejing.org/rensheng/17.jpg]
[m.daodejing.org/rensheng/18.jpg]
[m.daodejing.org/rensheng/19.jpg]
[m.daodejing.org/rensheng/20.jpg]
[m.daodejing.org/rensheng/21.gif]
[m.daodejing.org/rensheng/22.jpg]
[m.daodejing.org/rensheng/23.jpg]
[m.daodejing.org/rensheng/24.jpg]
[m.daodejing.org/rensheng/25.jpg]
[m.daodejing.org/rensheng/27.jpg]
[m.daodejing.org/rensheng/28.jpg]
[m.daodejing.org/rensheng/29.jpg]
[m.daodejing.org/rensheng/30.jpg]
[m.daodejing.org/rensheng/31.jpg]
[m.daodejing.org/rensheng/32.gif]
[m.daodejing.org/rensheng/33.jpg]
[m.daodejing.org/rensheng/34.jpg]
[m.daodejing.org/rensheng/35.jpg]
[m.daodejing.org/rensheng/36.jpg]
[m.daodejing.org/rensheng/37.jpg]
[m.daodejing.org/rensheng/38.jpg]
[m.daodejing.org/rensheng/39.jpg]
[m.daodejing.org/rensheng/40.jpg]
[m.daodejing.org/rensheng.html]
[m.daodejing.org/guli.html]
[m.daodejing.org/sixiang.html]
[m.daodejing.org/zhihui.html]
[m.daodejing.org/gushi.html]
[m.daodejing.org/1.html]
[m.daodejing.org/2.html]
[m.daodejing.org/3.html]
[m.daodejing.org/4.html]
[m.daodejing.org/5.html]
[m.daodejing.org/6.html]
[m.daodejing.org/7.html]
[m.daodejing.org/8.html]
[m.daodejing.org/9.html]
[m.daodejing.org/10.html]
[m.daodejing.org/11.html]
[m.daodejing.org/12.html]
[m.daodejing.org/13.html]
[m.daodejing.org/14.html]
[m.daodejing.org/15.html]
[m.daodejing.org/16.html]
[m.daodejing.org/17.html]
[m.daodejing.org/18.html]
[m.daodejing.org/19.html]
[m.daodejing.org/20.html]
[m.daodejing.org/21.html]
[m.daodejing.org/22.html]
[m.daodejing.org/23.html]
[m.daodejing.org/24.html]
[m.daodejing.org/25.html]
[m.daodejing.org/26.html]
[m.daodejing.org/27.html]
[m.daodejing.org/28.html]
[m.daodejing.org/29.html]
[m.daodejing.org/30.html]
[m.daodejing.org/31.html]
[m.daodejing.org/32.html]
[m.daodejing.org/33.html]
[m.daodejing.org/34.html]
[m.daodejing.org/35.html]
[m.daodejing.org/36.html]
[m.daodejing.org/37.html]
[m.daodejing.org/38.html]
[m.daodejing.org/39.html]
[m.daodejing.org/40.html]
[m.daodejing.org/41.html]
[m.daodejing.org/42.html]
[m.daodejing.org/43.html]
[m.daodejing.org/44.html]
[m.daodejing.org/45.html]
[m.daodejing.org/46.html]
[m.daodejing.org/47.html]
[m.daodejing.org/48.html]
[m.daodejing.org/49.html]
[m.daodejing.org/50.html]
[m.daodejing.org/51.html]
[m.daodejing.org/52.html]
[m.daodejing.org/53.html]
[m.daodejing.org/54.html]
[m.daodejing.org/55.html]
[m.daodejing.org/56.html]
[m.daodejing.org/57.html]
[m.daodejing.org/58.html]
[m.daodejing.org/59.html]
[m.daodejing.org/60.html]
[m.daodejing.org/61.html]
[m.daodejing.org/62.html]
[m.daodejing.org/63.html]
[m.daodejing.org/64.html]
[m.daodejing.org/65.html]
[m.daodejing.org/66.html]
[m.daodejing.org/67.html]
[m.daodejing.org/68.html]
[m.daodejing.org/69.html]
[m.daodejing.org/70.html]
[m.daodejing.org/71.html]
[m.daodejing.org/72.html]
[m.daodejing.org/73.html]
[m.daodejing.org/74.html]
[m.daodejing.org/75.html]
[m.daodejing.org/76.html]
[m.daodejing.org/77.html]
[m.daodejing.org/78.html]
[m.daodejing.org/79.html]
[m.daodejing.org/80.html]
[m.daodejing.org/81.html]
[m.daodejing.org/css/q.jpg]
[m.daodejing.org/jiucuo.html]
[m.daodejing.org/mianze.html]
[m.daodejing.org/bookimg/public/images/mobile/v2/logo4d6a.html]
[m.daodejing.org/bookimg/public/images/mobile/v2/common4d6a.html]
[m.daodejing.org/bookimg/public/images/mobile/v2/pay-icons@1x4d6a.html]
[m.daodejing.org/bookimg/public/images/mobile/v2/im-tip-border4d6a.html]
[m.daodejing.org/bookimg/public/images/mobile/v2/app-bottom-tg-dw.html]
[m.daodejing.org/css/nei.css]
[m.daodejing.org/yiwen2.html]
[m.daodejing.org/quanwen.html]
[m.daodejing.org/xiazai/µÀµÂ¾­txt.html]
[m.daodejing.org/images/1.png]
[m.daodejing.org/yiwen/1.html]
[m.daodejing.org/yiwen/2.html]
[m.daodejing.org/yiwen/3.html]
[m.daodejing.org/yiwen/4.html]
[m.daodejing.org/yiwen/5.html]
[m.daodejing.org/yiwen/6.html]
[m.daodejing.org/yiwen/7.html]
[m.daodejing.org/yiwen/8.html]
[m.daodejing.org/yiwen/9.html]
[m.daodejing.org/yiwen/10.html]
[m.daodejing.org/yiwen/11.html]
[m.daodejing.org/yiwen/12.html]
[m.daodejing.org/yiwen/13.html]
[m.daodejing.org/yiwen/14.html]
[m.daodejing.org/yiwen/15.html]
[m.daodejing.org/yiwen/16.html]
[m.daodejing.org/yiwen/17.html]
[m.daodejing.org/yiwen/18.html]
[m.daodejing.org/yiwen/19.html]
[m.daodejing.org/yiwen/20.html]
[m.daodejing.org/yiwen/21.html]
[m.daodejing.org/yiwen/22.html]
[m.daodejing.org/yiwen/23.html]
[m.daodejing.org/yiwen/24.html]
[m.daodejing.org/yiwen/25.html]
[m.daodejing.org/yiwen/26.html]
[m.daodejing.org/yiwen/27.html]
[m.daodejing.org/yiwen/28.html]
[m.daodejing.org/yiwen/29.html]
[m.daodejing.org/yiwen/30.html]
[m.daodejing.org/yiwen/31.html]
[m.daodejing.org/yiwen/32.html]
[m.daodejing.org/yiwen/33.html]
[m.daodejing.org/yiwen/34.html]
[m.daodejing.org/yiwen/35.html]
[m.daodejing.org/yiwen/36.html]
[m.daodejing.org/yiwen/37.html]
[m.daodejing.org/yiwen/38.html]
[m.daodejing.org/yiwen/39.html]
[m.daodejing.org/yiwen/40.html]
[m.daodejing.org/yiwen/41.html]
[m.daodejing.org/yiwen/42.html]
[m.daodejing.org/yiwen/43.html]
[m.daodejing.org/yiwen/44.html]
[m.daodejing.org/yiwen/45.html]
[m.daodejing.org/yiwen/46.html]
[m.daodejing.org/yiwen/47.html]
[m.daodejing.org/yiwen/48.html]
[m.daodejing.org/yiwen/49.html]
[m.daodejing.org/yiwen/50.html]
[m.daodejing.org/yiwen/51.html]
[m.daodejing.org/yiwen/52.html]
[m.daodejing.org/yiwen/53.html]
[m.daodejing.org/yiwen/54.html]
[m.daodejing.org/yiwen/55.html]
[m.daodejing.org/yiwen/56.html]
[m.daodejing.org/yiwen/57.html]
[m.daodejing.org/yiwen/58.html]
[m.daodejing.org/yiwen/59.html]
[m.daodejing.org/yiwen/60.html]
[m.daodejing.org/yiwen/61.html]
[m.daodejing.org/yiwen/62.html]
[m.daodejing.org/yiwen/63.html]
[m.daodejing.org/yiwen/64.html]
[m.daodejing.org/yiwen/65.html]
[m.daodejing.org/yiwen/66.html]
[m.daodejing.org/yiwen/67.html]
[m.daodejing.org/yiwen/68.html]
[m.daodejing.org/yiwen/69.html]
[m.daodejing.org/yiwen/70.html]
[m.daodejing.org/yiwen/71.html]
[m.daodejing.org/yiwen/72.html]
[m.daodejing.org/yiwen/73.html]
[m.daodejing.org/yiwen/74.html]
[m.daodejing.org/yiwen/75.html]
[m.daodejing.org/yiwen/76.html]
[m.daodejing.org/yiwen/77.html]
[m.daodejing.org/yiwen/78.html]
[m.daodejing.org/yiwen/79.html]
[m.daodejing.org/yiwen/80.html]
[m.daodejing.org/yiwen/81.html]
[m.daodejing.org/fanyi/1.html]
[m.daodejing.org/fanyi/2.html]
[m.daodejing.org/fanyi/3.html]
[m.daodejing.org/fanyi/4.html]
[m.daodejing.org/fanyi/5.html]
[m.daodejing.org/fanyi/6.html]
[m.daodejing.org/fanyi/7.html]
[m.daodejing.org/fanyi/8.html]
[m.daodejing.org/fanyi/9.html]
[m.daodejing.org/fanyi/10.html]
[m.daodejing.org/fanyi/11.html]
[m.daodejing.org/fanyi/12.html]
[m.daodejing.org/fanyi/13.html]
[m.daodejing.org/fanyi/14.html]
[m.daodejing.org/fanyi/15.html]
[m.daodejing.org/fanyi/16.html]
[m.daodejing.org/fanyi/17.html]
[m.daodejing.org/fanyi/18.html]
[m.daodejing.org/fanyi/19.html]
[m.daodejing.org/fanyi/20.html]
[m.daodejing.org/fanyi/21.html]
[m.daodejing.org/fanyi/22.html]
[m.daodejing.org/fanyi/23.html]
[m.daodejing.org/fanyi/24.html]
[m.daodejing.org/fanyi/25.html]
[m.daodejing.org/fanyi/26.html]
[m.daodejing.org/fanyi/27.html]
[m.daodejing.org/fanyi/28.html]
[m.daodejing.org/fanyi/29.html]
[m.daodejing.org/fanyi/30.html]
[m.daodejing.org/fanyi/31.html]
[m.daodejing.org/fanyi/32.html]
[m.daodejing.org/fanyi/33.html]
[m.daodejing.org/fanyi/34.html]
[m.daodejing.org/fanyi/35.html]
[m.daodejing.org/fanyi/36.html]
[m.daodejing.org/fanyi/37.html]
[m.daodejing.org/fanyi/38.html]
[m.daodejing.org/fanyi/39.html]
[m.daodejing.org/fanyi/40.html]
[m.daodejing.org/fanyi/41.html]
[m.daodejing.org/fanyi/42.html]
[m.daodejing.org/fanyi/43.html]
[m.daodejing.org/fanyi/44.html]
[m.daodejing.org/fanyi/45.html]
[m.daodejing.org/fanyi/46.html]
[m.daodejing.org/fanyi/47.html]
[m.daodejing.org/fanyi/48.html]
[m.daodejing.org/fanyi/49.html]
[m.daodejing.org/fanyi/50.html]
[m.daodejing.org/fanyi/51.html]
[m.daodejing.org/fanyi/52.html]
[m.daodejing.org/fanyi/53.html]
[m.daodejing.org/fanyi/54.html]
[m.daodejing.org/fanyi/55.html]
[m.daodejing.org/fanyi/56.html]
[m.daodejing.org/fanyi/57.html]
[m.daodejing.org/fanyi/58.html]
[m.daodejing.org/fanyi/59.html]
[m.daodejing.org/fanyi/60.html]
[m.daodejing.org/fanyi/61.html]
[m.daodejing.org/fanyi/62.html]
[m.daodejing.org/fanyi/63.html]
[m.daodejing.org/fanyi/64.html]
[m.daodejing.org/fanyi/65.html]
[m.daodejing.org/fanyi/66.html]
[m.daodejing.org/fanyi/67.html]
[m.daodejing.org/fanyi/68.html]
[m.daodejing.org/fanyi/69.html]
[m.daodejing.org/fanyi/70.html]
[m.daodejing.org/fanyi/71.html]
[m.daodejing.org/fanyi/72.html]
[m.daodejing.org/fanyi/73.html]
[m.daodejing.org/fanyi/74.html]
[m.daodejing.org/fanyi/75.html]
[m.daodejing.org/fanyi/76.html]
[m.daodejing.org/fanyi/77.html]
[m.daodejing.org/fanyi/78.html]
[m.daodejing.org/fanyi/79.html]
[m.daodejing.org/fanyi/80.html]
[m.daodejing.org/fanyi/81.html]
[m.daodejing.org/yiwen2.html]
